127.0.0.1 - - [20/Jan/2022:00:23:33 +0100] "GET / HTTP/1.1" 404 687
0:0:0:0:0:0:0:1 - - [20/Jan/2022:00:38:07 +0100] "GET /IntentoTrimestral/Home HTTP/1.1" 200 1464
0:0:0:0:0:0:0:1 - - [20/Jan/2022:00:38:12 +0100] "POST /IntentoTrimestral/Home HTTP/1.1" 302 -
0:0:0:0:0:0:0:1 - - [20/Jan/2022:00:38:12 +0100] "GET /IntentoTrimestral/Home HTTP/1.1" 200 1079
0:0:0:0:0:0:0:1 - - [20/Jan/2022:00:38:22 +0100] "GET /IntentoTrimestral/ HTTP/1.1" 200 1079
0:0:0:0:0:0:0:1 - - [20/Jan/2022:00:38:31 +0100] "GET /IntentoTrimestral/ HTTP/1.1" 200 1464
0:0:0:0:0:0:0:1 - - [20/Jan/2022:00:38:36 +0100] "POST /IntentoTrimestral/ HTTP/1.1" 302 -
0:0:0:0:0:0:0:1 - - [20/Jan/2022:00:38:36 +0100] "GET /IntentoTrimestral/Home HTTP/1.1" 200 1079
127.0.0.1 - - [20/Jan/2022:00:39:25 +0100] "GET / HTTP/1.1" 404 687
0:0:0:0:0:0:0:1 - - [20/Jan/2022:00:39:27 +0100] "GET /IntentoTrimestral/Home HTTP/1.1" 200 2761
127.0.0.1 - - [20/Jan/2022:11:41:33 +0100] "GET / HTTP/1.1" 404 687
0:0:0:0:0:0:0:1 - - [20/Jan/2022:11:41:33 +0100] "GET /IntentoTrimestral/Home HTTP/1.1" 200 1604
0:0:0:0:0:0:0:1 - - [20/Jan/2022:11:41:34 +0100] "GET /favicon.ico HTTP/1.1" 404 698
0:0:0:0:0:0:0:1 - - [20/Jan/2022:11:41:36 +0100] "GET /IntentoTrimestral/Home HTTP/1.1" 200 1604
0:0:0:0:0:0:0:1 - - [20/Jan/2022:11:41:40 +0100] "GET /IntentoTrimestral/ HTTP/1.1" 200 1464
0:0:0:0:0:0:0:1 - - [20/Jan/2022:11:41:47 +0100] "POST /IntentoTrimestral/ HTTP/1.1" 302 -
0:0:0:0:0:0:0:1 - - [20/Jan/2022:11:41:47 +0100] "GET /IntentoTrimestral/Home HTTP/1.1" 200 2674
127.0.0.1 - - [20/Jan/2022:11:44:31 +0100] "GET / HTTP/1.1" 404 687
0:0:0:0:0:0:0:1 - - [20/Jan/2022:11:44:35 +0100] "GET /IntentoTrimestral/Home HTTP/1.1" 200 2674
0:0:0:0:0:0:0:1 - - [20/Jan/2022:11:44:38 +0100] "GET /IntentoTrimestral/Logout HTTP/1.1" 302 -
0:0:0:0:0:0:0:1 - - [20/Jan/2022:11:44:38 +0100] "GET /IntentoTrimestral HTTP/1.1" 302 -
0:0:0:0:0:0:0:1 - - [20/Jan/2022:11:44:38 +0100] "GET /IntentoTrimestral/ HTTP/1.1" 200 1464
127.0.0.1 - - [20/Jan/2022:12:51:11 +0100] "GET / HTTP/1.1" 404 687
0:0:0:0:0:0:0:1 - - [20/Jan/2022:12:51:13 +0100] "GET /IntentoTrimestral/ HTTP/1.1" 200 1464
0:0:0:0:0:0:0:1 - - [20/Jan/2022:12:51:22 +0100] "POST /IntentoTrimestral/ HTTP/1.1" 302 -
0:0:0:0:0:0:0:1 - - [20/Jan/2022:12:51:22 +0100] "GET /IntentoTrimestral/Home HTTP/1.1" 200 2761
0:0:0:0:0:0:0:1 - - [20/Jan/2022:12:51:52 +0100] "GET /IntentoTrimestral/MostrarProductos?cat=Classic%20Cars HTTP/1.1" 200 15960
127.0.0.1 - - [20/Jan/2022:13:04:23 +0100] "GET / HTTP/1.1" 404 687
0:0:0:0:0:0:0:1 - - [20/Jan/2022:13:04:24 +0100] "GET /IntentoTrimestral/MostrarProductos?cat=Classic%20Cars HTTP/1.1" 200 15960
0:0:0:0:0:0:0:1 - - [20/Jan/2022:13:04:27 +0100] "GET /IntentoTrimestral/Home HTTP/1.1" 200 2761
0:0:0:0:0:0:0:1 - - [20/Jan/2022:13:04:31 +0100] "GET /IntentoTrimestral/Logout HTTP/1.1" 302 -
0:0:0:0:0:0:0:1 - - [20/Jan/2022:13:04:31 +0100] "GET /IntentoTrimestral HTTP/1.1" 302 -
0:0:0:0:0:0:0:1 - - [20/Jan/2022:13:04:31 +0100] "GET /IntentoTrimestral/ HTTP/1.1" 200 1464
0:0:0:0:0:0:0:1 - - [20/Jan/2022:13:04:38 +0100] "POST /IntentoTrimestral/ HTTP/1.1" 302 -
0:0:0:0:0:0:0:1 - - [20/Jan/2022:13:04:38 +0100] "GET /IntentoTrimestral/Home HTTP/1.1" 200 2761
0:0:0:0:0:0:0:1 - - [20/Jan/2022:13:04:42 +0100] "GET /IntentoTrimestral/Logout HTTP/1.1" 302 -
0:0:0:0:0:0:0:1 - - [20/Jan/2022:13:04:42 +0100] "GET /IntentoTrimestral HTTP/1.1" 302 -
0:0:0:0:0:0:0:1 - - [20/Jan/2022:13:04:42 +0100] "GET /IntentoTrimestral/ HTTP/1.1" 200 1464
0:0:0:0:0:0:0:1 - - [20/Jan/2022:13:04:46 +0100] "POST /IntentoTrimestral/ HTTP/1.1" 302 -
0:0:0:0:0:0:0:1 - - [20/Jan/2022:13:04:46 +0100] "GET /IntentoTrimestral/Home HTTP/1.1" 200 2674
0:0:0:0:0:0:0:1 - - [20/Jan/2022:13:04:49 +0100] "GET /IntentoTrimestral/Admin/Empleados HTTP/1.1" 200 7370
0:0:0:0:0:0:0:1 - - [20/Jan/2022:13:04:57 +0100] "GET /IntentoTrimestral/Admin/AddEmpleado HTTP/1.1" 200 1079
127.0.0.1 - - [20/Jan/2022:13:08:37 +0100] "GET / HTTP/1.1" 404 687
0:0:0:0:0:0:0:1 - - [20/Jan/2022:13:08:43 +0100] "GET /IntentoTrimestral/Admin/AddEmpleado HTTP/1.1" 200 4210
127.0.0.1 - - [20/Jan/2022:15:20:00 +0100] "GET / HTTP/1.1" 404 687
0:0:0:0:0:0:0:1 - - [20/Jan/2022:15:20:02 +0100] "GET /RecuperacionPrimeraEv/ HTTP/1.1" 404 713
0:0:0:0:0:0:0:1 - - [20/Jan/2022:15:20:09 +0100] "GET /RecuperacionPrimeraEv HTTP/1.1" 302 -
0:0:0:0:0:0:0:1 - - [20/Jan/2022:15:20:09 +0100] "GET /RecuperacionPrimeraEv/ HTTP/1.1" 404 713
0:0:0:0:0:0:0:1 - - [20/Jan/2022:15:20:10 +0100] "GET /favicon.ico HTTP/1.1" 404 698
127.0.0.1 - - [20/Jan/2022:15:22:37 +0100] "GET / HTTP/1.1" 404 687
0:0:0:0:0:0:0:1 - - [20/Jan/2022:15:22:39 +0100] "GET /RecuperacionPrimeraEv/ HTTP/1.1" 404 713
127.0.0.1 - - [20/Jan/2022:15:24:30 +0100] "GET / HTTP/1.1" 404 687
0:0:0:0:0:0:0:1 - - [20/Jan/2022:15:24:35 +0100] "GET /RecuperacionPrimeraEv/ HTTP/1.1" 200 1459
127.0.0.1 - - [20/Jan/2022:15:25:29 +0100] "GET / HTTP/1.1" 404 687
0:0:0:0:0:0:0:1 - - [20/Jan/2022:15:25:32 +0100] "GET /RecuperacionPrimeraEv/ HTTP/1.1" 200 1459
0:0:0:0:0:0:0:1 - - [20/Jan/2022:15:25:38 +0100] "POST /RecuperacionPrimeraEv/ HTTP/1.1" 200 1459
0:0:0:0:0:0:0:1 - - [20/Jan/2022:15:25:45 +0100] "POST /RecuperacionPrimeraEv/ HTTP/1.1" 200 1459
0:0:0:0:0:0:0:1 - - [20/Jan/2022:15:26:10 +0100] "GET /RecuperacionPrimeraEv/ HTTP/1.1" 200 1459
0:0:0:0:0:0:0:1 - - [20/Jan/2022:15:26:16 +0100] "POST /RecuperacionPrimeraEv/ HTTP/1.1" 200 1459
127.0.0.1 - - [20/Jan/2022:15:27:23 +0100] "GET / HTTP/1.1" 404 687
0:0:0:0:0:0:0:1 - - [20/Jan/2022:15:27:29 +0100] "GET /RecuperacionPrimeraEv/ HTTP/1.1" 200 1459
0:0:0:0:0:0:0:1 - - [20/Jan/2022:15:27:35 +0100] "POST /RecuperacionPrimeraEv/ HTTP/1.1" 302 -
0:0:0:0:0:0:0:1 - - [20/Jan/2022:15:27:35 +0100] "GET /RecuperacionPrimeraEv/Home HTTP/1.1" 200 -
0:0:0:0:0:0:0:1 - - [20/Jan/2022:15:27:37 +0100] "GET /RecuperacionPrimeraEv/ HTTP/1.1" 200 1079
127.0.0.1 - - [20/Jan/2022:15:28:15 +0100] "GET / HTTP/1.1" 404 687
0:0:0:0:0:0:0:1 - - [20/Jan/2022:15:28:19 +0100] "GET /RecuperacionPrimeraEv/ HTTP/1.1" 200 1079
0:0:0:0:0:0:0:1 - - [20/Jan/2022:15:28:26 +0100] "GET /RecuperacionPrimeraEv/ HTTP/1.1" 200 1459
0:0:0:0:0:0:0:1 - - [20/Jan/2022:15:28:34 +0100] "POST /RecuperacionPrimeraEv/ HTTP/1.1" 302 -
0:0:0:0:0:0:0:1 - - [20/Jan/2022:15:28:34 +0100] "GET /RecuperacionPrimeraEv/Home HTTP/1.1" 200 -
127.0.0.1 - - [20/Jan/2022:15:31:42 +0100] "GET / HTTP/1.1" 404 687
0:0:0:0:0:0:0:1 - - [20/Jan/2022:15:31:48 +0100] "GET /RecuperacionPrimeraEv/Home HTTP/1.1" 200 -
0:0:0:0:0:0:0:1 - - [20/Jan/2022:15:31:58 +0100] "GET /RecuperacionPrimeraEv HTTP/1.1" 302 -
0:0:0:0:0:0:0:1 - - [20/Jan/2022:15:31:58 +0100] "GET /RecuperacionPrimeraEv/ HTTP/1.1" 200 1459
0:0:0:0:0:0:0:1 - - [20/Jan/2022:15:32:04 +0100] "POST /RecuperacionPrimeraEv/ HTTP/1.1" 302 -
0:0:0:0:0:0:0:1 - - [20/Jan/2022:15:32:04 +0100] "GET /RecuperacionPrimeraEv/Home HTTP/1.1" 200 -
127.0.0.1 - - [20/Jan/2022:15:33:06 +0100] "GET / HTTP/1.1" 404 687
0:0:0:0:0:0:0:1 - - [20/Jan/2022:15:33:08 +0100] "GET /RecuperacionPrimeraEv/Home HTTP/1.1" 200 -
0:0:0:0:0:0:0:1 - - [20/Jan/2022:15:33:11 +0100] "GET /RecuperacionPrimeraEv/ HTTP/1.1" 200 1079
0:0:0:0:0:0:0:1 - - [20/Jan/2022:15:33:17 +0100] "GET /RecuperacionPrimeraEv/ HTTP/1.1" 200 1459
0:0:0:0:0:0:0:1 - - [20/Jan/2022:15:33:23 +0100] "POST /RecuperacionPrimeraEv/ HTTP/1.1" 302 -
0:0:0:0:0:0:0:1 - - [20/Jan/2022:15:33:23 +0100] "GET /RecuperacionPrimeraEv/Home HTTP/1.1" 200 -
127.0.0.1 - - [20/Jan/2022:15:35:10 +0100] "GET / HTTP/1.1" 404 687
0:0:0:0:0:0:0:1 - - [20/Jan/2022:15:35:14 +0100] "GET /RecuperacionPrimeraEv/Home HTTP/1.1" 200 -
0:0:0:0:0:0:0:1 - - [20/Jan/2022:15:35:17 +0100] "GET /RecuperacionPrimeraEv/ HTTP/1.1" 200 1079
0:0:0:0:0:0:0:1 - - [20/Jan/2022:15:35:19 +0100] "GET /RecuperacionPrimeraEv/ HTTP/1.1" 200 1079
0:0:0:0:0:0:0:1 - - [20/Jan/2022:15:35:24 +0100] "GET /RecuperacionPrimeraEv/ HTTP/1.1" 200 1459
0:0:0:0:0:0:0:1 - - [20/Jan/2022:15:35:30 +0100] "POST /RecuperacionPrimeraEv/ HTTP/1.1" 302 -
0:0:0:0:0:0:0:1 - - [20/Jan/2022:15:35:30 +0100] "GET /RecuperacionPrimeraEv/Home HTTP/1.1" 200 -
127.0.0.1 - - [20/Jan/2022:15:36:54 +0100] "GET / HTTP/1.1" 404 687
0:0:0:0:0:0:0:1 - - [20/Jan/2022:15:37:00 +0100] "GET /RecuperacionPrimeraEv/ HTTP/1.1" 200 1000
0:0:0:0:0:0:0:1 - - [20/Jan/2022:15:37:07 +0100] "GET /RecuperacionPrimeraEv/ HTTP/1.1" 200 1448
0:0:0:0:0:0:0:1 - - [20/Jan/2022:15:37:12 +0100] "POST /RecuperacionPrimeraEv/ HTTP/1.1" 200 1448
0:0:0:0:0:0:0:1 - - [20/Jan/2022:15:37:17 +0100] "POST /RecuperacionPrimeraEv/ HTTP/1.1" 302 -
0:0:0:0:0:0:0:1 - - [20/Jan/2022:15:37:17 +0100] "GET /RecuperacionPrimeraEv/Home HTTP/1.1" 200 -
127.0.0.1 - - [20/Jan/2022:15:39:43 +0100] "GET / HTTP/1.1" 404 687
0:0:0:0:0:0:0:1 - - [20/Jan/2022:15:39:49 +0100] "GET /RecuperacionPrimeraEv HTTP/1.1" 302 -
0:0:0:0:0:0:0:1 - - [20/Jan/2022:15:39:50 +0100] "GET /RecuperacionPrimeraEv/ HTTP/1.1" 200 1000
0:0:0:0:0:0:0:1 - - [20/Jan/2022:15:39:55 +0100] "GET /RecuperacionPrimeraEv/ HTTP/1.1" 200 1448
0:0:0:0:0:0:0:1 - - [20/Jan/2022:15:40:02 +0100] "POST /RecuperacionPrimeraEv/ HTTP/1.1" 302 -
0:0:0:0:0:0:0:1 - - [20/Jan/2022:15:40:02 +0100] "GET /RecuperacionPrimeraEv/Home HTTP/1.1" 200 -
127.0.0.1 - - [20/Jan/2022:15:41:03 +0100] "GET / HTTP/1.1" 404 687
0:0:0:0:0:0:0:1 - - [20/Jan/2022:15:41:10 +0100] "GET /RecuperacionPrimeraEv/Home HTTP/1.1" 200 -
0:0:0:0:0:0:0:1 - - [20/Jan/2022:15:41:14 +0100] "GET /RecuperacionPrimeraEv/ HTTP/1.1" 200 1448
0:0:0:0:0:0:0:1 - - [20/Jan/2022:15:41:19 +0100] "POST /RecuperacionPrimeraEv/ HTTP/1.1" 302 -
0:0:0:0:0:0:0:1 - - [20/Jan/2022:15:41:19 +0100] "GET /RecuperacionPrimeraEv/Home HTTP/1.1" 200 -
127.0.0.1 - - [20/Jan/2022:15:42:20 +0100] "GET / HTTP/1.1" 404 687
0:0:0:0:0:0:0:1 - - [20/Jan/2022:15:42:21 +0100] "GET /RecuperacionPrimeraEv/ HTTP/1.1" 200 1000
0:0:0:0:0:0:0:1 - - [20/Jan/2022:15:42:26 +0100] "GET /RecuperacionPrimeraEv/ HTTP/1.1" 200 1448
0:0:0:0:0:0:0:1 - - [20/Jan/2022:15:42:31 +0100] "POST /RecuperacionPrimeraEv/ HTTP/1.1" 302 -
0:0:0:0:0:0:0:1 - - [20/Jan/2022:15:42:33 +0100] "GET /RecuperacionPrimeraEv/Home HTTP/1.1" 200 2554
127.0.0.1 - - [20/Jan/2022:15:43:41 +0100] "GET / HTTP/1.1" 404 687
0:0:0:0:0:0:0:1 - - [20/Jan/2022:15:43:45 +0100] "GET /RecuperacionPrimeraEv/Home HTTP/1.1" 200 2565
0:0:0:0:0:0:0:1 - - [20/Jan/2022:15:44:41 +0100] "GET /RecuperacionPrimeraEv/Home HTTP/1.1" 200 2565
127.0.0.1 - - [20/Jan/2022:15:45:45 +0100] "GET / HTTP/1.1" 404 687
0:0:0:0:0:0:0:1 - - [20/Jan/2022:15:45:47 +0100] "GET /RecuperacionPrimeraEv/Logout HTTP/1.1" 302 -
0:0:0:0:0:0:0:1 - - [20/Jan/2022:15:45:47 +0100] "GET /RecuperacionPrimeraEv HTTP/1.1" 302 -
0:0:0:0:0:0:0:1 - - [20/Jan/2022:15:45:47 +0100] "GET /RecuperacionPrimeraEv/ HTTP/1.1" 200 1448
0:0:0:0:0:0:0:1 - - [20/Jan/2022:15:45:52 +0100] "POST /RecuperacionPrimeraEv/ HTTP/1.1" 302 -
0:0:0:0:0:0:0:1 - - [20/Jan/2022:15:45:52 +0100] "GET /RecuperacionPrimeraEv/Home HTTP/1.1" 200 2137
127.0.0.1 - - [20/Jan/2022:15:50:41 +0100] "GET / HTTP/1.1" 404 687
0:0:0:0:0:0:0:1 - - [20/Jan/2022:15:50:44 +0100] "GET /RecuperacionPrimeraEv/Home HTTP/1.1" 500 9400
0:0:0:0:0:0:0:1 - - [20/Jan/2022:15:50:57 +0100] "GET /RecuperacionPrimeraEv/Home HTTP/1.1" 200 2576
127.0.0.1 - - [20/Jan/2022:15:51:02 +0100] "GET / HTTP/1.1" 404 687
127.0.0.1 - - [20/Jan/2022:15:52:37 +0100] "GET / HTTP/1.1" 404 687
0:0:0:0:0:0:0:1 - - [20/Jan/2022:15:52:39 +0100] "GET /RecuperacionPrimeraEv/Home HTTP/1.1" 200 2580
127.0.0.1 - - [20/Jan/2022:15:56:00 +0100] "GET / HTTP/1.1" 404 687
0:0:0:0:0:0:0:1 - - [20/Jan/2022:15:56:03 +0100] "GET /RecuperacionPrimeraEv/Home HTTP/1.1" 200 2580
127.0.0.1 - - [20/Jan/2022:16:09:01 +0100] "GET / HTTP/1.1" 404 687
0:0:0:0:0:0:0:1 - - [20/Jan/2022:16:09:03 +0100] "GET /RecuperacionPrimeraEv/Home HTTP/1.1" 500 1643
0:0:0:0:0:0:0:1 - - [20/Jan/2022:16:09:06 +0100] "GET /RecuperacionPrimeraEv/ HTTP/1.1" 200 1000
0:0:0:0:0:0:0:1 - - [20/Jan/2022:16:09:12 +0100] "GET /RecuperacionPrimeraEv/ HTTP/1.1" 200 1448
0:0:0:0:0:0:0:1 - - [20/Jan/2022:16:09:17 +0100] "POST /RecuperacionPrimeraEv/ HTTP/1.1" 302 -
0:0:0:0:0:0:0:1 - - [20/Jan/2022:16:09:17 +0100] "GET /RecuperacionPrimeraEv/Home HTTP/1.1" 500 1643
127.0.0.1 - - [20/Jan/2022:16:09:40 +0100] "GET / HTTP/1.1" 404 687
0:0:0:0:0:0:0:1 - - [20/Jan/2022:16:09:42 +0100] "GET /RecuperacionPrimeraEv/ HTTP/1.1" 200 1000
0:0:0:0:0:0:0:1 - - [20/Jan/2022:16:09:47 +0100] "GET /RecuperacionPrimeraEv/ HTTP/1.1" 200 1448
0:0:0:0:0:0:0:1 - - [20/Jan/2022:16:09:54 +0100] "POST /RecuperacionPrimeraEv/ HTTP/1.1" 302 -
0:0:0:0:0:0:0:1 - - [20/Jan/2022:16:09:54 +0100] "GET /RecuperacionPrimeraEv/Home HTTP/1.1" 500 1643
127.0.0.1 - - [20/Jan/2022:16:10:16 +0100] "GET / HTTP/1.1" 404 687
0:0:0:0:0:0:0:1 - - [20/Jan/2022:16:10:19 +0100] "GET /RecuperacionPrimeraEv/Home HTTP/1.1" 200 2580
127.0.0.1 - - [20/Jan/2022:16:11:06 +0100] "GET / HTTP/1.1" 404 687
0:0:0:0:0:0:0:1 - - [20/Jan/2022:16:11:08 +0100] "GET /RecuperacionPrimeraEv/Home HTTP/1.1" 200 36307
0:0:0:0:0:0:0:1 - - [20/Jan/2022:16:11:22 +0100] "GET /RecuperacionPrimeraEv/CustomerReport?customerNumber=103 HTTP/1.1" 200 1000
0:0:0:0:0:0:0:1 - - [20/Jan/2022:16:11:33 +0100] "GET /RecuperacionPrimeraEv/Logout HTTP/1.1" 302 -
0:0:0:0:0:0:0:1 - - [20/Jan/2022:16:11:33 +0100] "GET /RecuperacionPrimeraEv HTTP/1.1" 302 -
0:0:0:0:0:0:0:1 - - [20/Jan/2022:16:11:33 +0100] "GET /RecuperacionPrimeraEv/ HTTP/1.1" 200 1448
0:0:0:0:0:0:0:1 - - [20/Jan/2022:16:11:37 +0100] "POST /RecuperacionPrimeraEv/ HTTP/1.1" 302 -
0:0:0:0:0:0:0:1 - - [20/Jan/2022:16:11:37 +0100] "GET /RecuperacionPrimeraEv/Home HTTP/1.1" 200 36821
127.0.0.1 - - [20/Jan/2022:16:12:50 +0100] "GET / HTTP/1.1" 404 687
0:0:0:0:0:0:0:1 - - [20/Jan/2022:16:12:52 +0100] "GET /RecuperacionPrimeraEv/Home HTTP/1.1" 200 37912
0:0:0:0:0:0:0:1 - - [20/Jan/2022:16:13:08 +0100] "GET /RecuperacionPrimeraEv/Home HTTP/1.1" 200 37926
0:0:0:0:0:0:0:1 - - [20/Jan/2022:16:13:18 +0100] "GET /RecuperacionPrimeraEv/Home HTTP/1.1" 200 37926
127.0.0.1 - - [20/Jan/2022:16:13:24 +0100] "GET / HTTP/1.1" 404 687
0:0:0:0:0:0:0:1 - - [20/Jan/2022:16:13:25 +0100] "GET /RecuperacionPrimeraEv/Home HTTP/1.1" 200 37924
127.0.0.1 - - [20/Jan/2022:16:13:43 +0100] "GET / HTTP/1.1" 404 687
0:0:0:0:0:0:0:1 - - [20/Jan/2022:16:13:45 +0100] "GET /RecuperacionPrimeraEv/Home HTTP/1.1" 200 37936
0:0:0:0:0:0:0:1 - - [20/Jan/2022:16:13:45 +0100] "GET /RecuperacionPrimeraEv/Home HTTP/1.1" 200 8206
127.0.0.1 - - [20/Jan/2022:16:14:39 +0100] "GET / HTTP/1.1" 404 687
0:0:0:0:0:0:0:1 - - [20/Jan/2022:16:14:41 +0100] "GET /RecuperacionPrimeraEv/Home HTTP/1.1" 200 37990
127.0.0.1 - - [20/Jan/2022:16:14:58 +0100] "GET / HTTP/1.1" 404 687
0:0:0:0:0:0:0:1 - - [20/Jan/2022:16:15:01 +0100] "GET /RecuperacionPrimeraEv/Home HTTP/1.1" 200 37997
127.0.0.1 - - [20/Jan/2022:16:15:20 +0100] "GET / HTTP/1.1" 404 687
0:0:0:0:0:0:0:1 - - [20/Jan/2022:16:15:22 +0100] "GET /RecuperacionPrimeraEv/Home HTTP/1.1" 200 38002
127.0.0.1 - - [20/Jan/2022:16:15:38 +0100] "GET / HTTP/1.1" 404 687
0:0:0:0:0:0:0:1 - - [20/Jan/2022:16:15:41 +0100] "GET /RecuperacionPrimeraEv/Home HTTP/1.1" 200 38002
127.0.0.1 - - [20/Jan/2022:16:15:59 +0100] "GET / HTTP/1.1" 404 687
0:0:0:0:0:0:0:1 - - [20/Jan/2022:16:16:04 +0100] "GET /RecuperacionPrimeraEv/Home HTTP/1.1" 200 38004
127.0.0.1 - - [20/Jan/2022:16:16:16 +0100] "GET / HTTP/1.1" 404 687
0:0:0:0:0:0:0:1 - - [20/Jan/2022:16:16:18 +0100] "GET /RecuperacionPrimeraEv/Home HTTP/1.1" 200 38003
127.0.0.1 - - [20/Jan/2022:16:17:16 +0100] "GET / HTTP/1.1" 404 687
0:0:0:0:0:0:0:1 - - [20/Jan/2022:16:17:18 +0100] "GET /RecuperacionPrimeraEv/Home HTTP/1.1" 200 37987
127.0.0.1 - - [20/Jan/2022:16:18:46 +0100] "GET / HTTP/1.1" 404 687
0:0:0:0:0:0:0:1 - - [20/Jan/2022:16:18:49 +0100] "GET /RecuperacionPrimeraEv/Home HTTP/1.1" 200 38010
0:0:0:0:0:0:0:1 - - [20/Jan/2022:16:19:01 +0100] "GET /RecuperacionPrimeraEv/Home HTTP/1.1" 200 38010
127.0.0.1 - - [20/Jan/2022:16:19:12 +0100] "GET / HTTP/1.1" 404 687
0:0:0:0:0:0:0:1 - - [20/Jan/2022:16:19:15 +0100] "GET /RecuperacionPrimeraEv/Home HTTP/1.1" 200 38001
127.0.0.1 - - [20/Jan/2022:16:19:38 +0100] "GET / HTTP/1.1" 404 687
0:0:0:0:0:0:0:1 - - [20/Jan/2022:16:19:41 +0100] "GET /RecuperacionPrimeraEv/Home HTTP/1.1" 200 38010
127.0.0.1 - - [20/Jan/2022:16:19:54 +0100] "GET / HTTP/1.1" 404 687
0:0:0:0:0:0:0:1 - - [20/Jan/2022:16:19:56 +0100] "GET /RecuperacionPrimeraEv/Home HTTP/1.1" 200 37999
127.0.0.1 - - [20/Jan/2022:16:20:25 +0100] "GET / HTTP/1.1" 404 687
0:0:0:0:0:0:0:1 - - [20/Jan/2022:16:20:32 +0100] "GET /RecuperacionPrimeraEv/Home HTTP/1.1" 200 38053
127.0.0.1 - - [20/Jan/2022:16:20:50 +0100] "GET / HTTP/1.1" 404 687
0:0:0:0:0:0:0:1 - - [20/Jan/2022:16:20:53 +0100] "GET /RecuperacionPrimeraEv/Home HTTP/1.1" 200 38064
127.0.0.1 - - [20/Jan/2022:16:21:14 +0100] "GET / HTTP/1.1" 404 687
0:0:0:0:0:0:0:1 - - [20/Jan/2022:16:21:18 +0100] "GET /RecuperacionPrimeraEv/Home HTTP/1.1" 200 38009
127.0.0.1 - - [20/Jan/2022:16:22:01 +0100] "GET / HTTP/1.1" 404 687
0:0:0:0:0:0:0:1 - - [20/Jan/2022:16:22:04 +0100] "GET /RecuperacionPrimeraEv/Home HTTP/1.1" 200 38011
127.0.0.1 - - [20/Jan/2022:16:22:16 +0100] "GET / HTTP/1.1" 404 687
0:0:0:0:0:0:0:1 - - [20/Jan/2022:16:22:18 +0100] "GET /RecuperacionPrimeraEv/Home HTTP/1.1" 200 38010
127.0.0.1 - - [20/Jan/2022:16:46:57 +0100] "GET / HTTP/1.1" 404 687
0:0:0:0:0:0:0:1 - - [20/Jan/2022:16:47:01 +0100] "GET /RecuperacionPrimeraEv/Home HTTP/1.1" 200 38010
0:0:0:0:0:0:0:1 - - [20/Jan/2022:16:47:06 +0100] "GET /RecuperacionPrimeraEv/Home HTTP/1.1" 200 38010
127.0.0.1 - - [20/Jan/2022:16:49:16 +0100] "GET / HTTP/1.1" 404 687
127.0.0.1 - - [20/Jan/2022:16:50:48 +0100] "GET / HTTP/1.1" 404 687
0:0:0:0:0:0:0:1 - - [20/Jan/2022:16:50:50 +0100] "GET /RecuperacionPrimeraEv/Home HTTP/1.1" 200 25191
0:0:0:0:0:0:0:1 - - [20/Jan/2022:16:50:52 +0100] "GET /RecuperacionPrimeraEv/Logout HTTP/1.1" 302 -
0:0:0:0:0:0:0:1 - - [20/Jan/2022:16:50:52 +0100] "GET /RecuperacionPrimeraEv HTTP/1.1" 302 -
0:0:0:0:0:0:0:1 - - [20/Jan/2022:16:50:52 +0100] "GET /RecuperacionPrimeraEv/ HTTP/1.1" 200 1448
0:0:0:0:0:0:0:1 - - [20/Jan/2022:16:50:58 +0100] "POST /RecuperacionPrimeraEv/ HTTP/1.1" 302 -
0:0:0:0:0:0:0:1 - - [20/Jan/2022:16:50:58 +0100] "GET /RecuperacionPrimeraEv/Home HTTP/1.1" 200 40100
0:0:0:0:0:0:0:1 - - [20/Jan/2022:16:51:03 +0100] "GET /RecuperacionPrimeraEv/CustomerReport?customerNumber=103 HTTP/1.1" 200 33
127.0.0.1 - - [20/Jan/2022:16:52:24 +0100] "GET / HTTP/1.1" 404 687
0:0:0:0:0:0:0:1 - - [20/Jan/2022:16:52:27 +0100] "GET /RecuperacionPrimeraEv/Home HTTP/1.1" 200 40100
0:0:0:0:0:0:0:1 - - [20/Jan/2022:16:52:29 +0100] "GET /RecuperacionPrimeraEv/CustomerReport?customerNumber=103 HTTP/1.1" 200 33
127.0.0.1 - - [20/Jan/2022:17:26:01 +0100] "GET / HTTP/1.1" 404 687
127.0.0.1 - - [20/Jan/2022:17:36:23 +0100] "GET / HTTP/1.1" 404 687
0:0:0:0:0:0:0:1 - - [20/Jan/2022:17:36:25 +0100] "GET /RecuperacionPrimeraEv/Home HTTP/1.1" 200 24082
0:0:0:0:0:0:0:1 - - [20/Jan/2022:17:36:39 +0100] "GET /RecuperacionPrimeraEv/ HTTP/1.1" 200 1448
0:0:0:0:0:0:0:1 - - [20/Jan/2022:17:36:46 +0100] "POST /RecuperacionPrimeraEv/ HTTP/1.1" 302 -
0:0:0:0:0:0:0:1 - - [20/Jan/2022:17:36:46 +0100] "GET /RecuperacionPrimeraEv/Home HTTP/1.1" 200 25191
0:0:0:0:0:0:0:1 - - [20/Jan/2022:17:36:49 +0100] "GET /RecuperacionPrimeraEv/Admin/AddCustomer HTTP/1.1" 500 9654
127.0.0.1 - - [20/Jan/2022:17:37:12 +0100] "GET / HTTP/1.1" 404 687
0:0:0:0:0:0:0:1 - - [20/Jan/2022:17:37:14 +0100] "GET /RecuperacionPrimeraEv/Home HTTP/1.1" 200 25191
0:0:0:0:0:0:0:1 - - [20/Jan/2022:17:37:17 +0100] "GET /RecuperacionPrimeraEv/Admin/AddCustomer HTTP/1.1" 200 4810
127.0.0.1 - - [20/Jan/2022:17:38:10 +0100] "GET / HTTP/1.1" 404 687
0:0:0:0:0:0:0:1 - - [20/Jan/2022:17:38:12 +0100] "GET /RecuperacionPrimeraEv/Admin/AddCustomer HTTP/1.1" 200 4808
0:0:0:0:0:0:0:1 - - [20/Jan/2022:17:38:34 +0100] "POST /RecuperacionPrimeraEv/Admin/AddCustomer HTTP/1.1" 500 1341
127.0.0.1 - - [20/Jan/2022:17:47:22 +0100] "GET / HTTP/1.1" 404 687
0:0:0:0:0:0:0:1 - - [20/Jan/2022:17:47:29 +0100] "GET /RecuperacionPrimeraEv/Admin/AddCustomer HTTP/1.1" 200 4808
127.0.0.1 - - [20/Jan/2022:17:48:58 +0100] "GET / HTTP/1.1" 404 687
0:0:0:0:0:0:0:1 - - [20/Jan/2022:17:49:05 +0100] "GET /RecuperacionPrimeraEv/Admin/AddCustomer HTTP/1.1" 200 4808
0:0:0:0:0:0:0:1 - - [20/Jan/2022:17:50:41 +0100] "GET /RecuperacionPrimeraEv/Home HTTP/1.1" 200 25191
127.0.0.1 - - [20/Jan/2022:17:53:01 +0100] "GET / HTTP/1.1" 404 687
0:0:0:0:0:0:0:1 - - [20/Jan/2022:17:53:07 +0100] "GET /RecuperacionPrimeraEv/Home HTTP/1.1" 200 42165
0:0:0:0:0:0:0:1 - - [20/Jan/2022:17:53:11 +0100] "GET /RecuperacionPrimeraEv/Logout HTTP/1.1" 302 -
0:0:0:0:0:0:0:1 - - [20/Jan/2022:17:53:11 +0100] "GET /RecuperacionPrimeraEv HTTP/1.1" 302 -
0:0:0:0:0:0:0:1 - - [20/Jan/2022:17:53:11 +0100] "GET /RecuperacionPrimeraEv/ HTTP/1.1" 200 1448
0:0:0:0:0:0:0:1 - - [20/Jan/2022:17:53:17 +0100] "POST /RecuperacionPrimeraEv/ HTTP/1.1" 302 -
0:0:0:0:0:0:0:1 - - [20/Jan/2022:17:53:17 +0100] "GET /RecuperacionPrimeraEv/Home HTTP/1.1" 200 41204
0:0:0:0:0:0:0:1 - - [20/Jan/2022:17:53:19 +0100] "GET /RecuperacionPrimeraEv/Logout HTTP/1.1" 302 -
0:0:0:0:0:0:0:1 - - [20/Jan/2022:17:53:19 +0100] "GET /RecuperacionPrimeraEv HTTP/1.1" 302 -
0:0:0:0:0:0:0:1 - - [20/Jan/2022:17:53:19 +0100] "GET /RecuperacionPrimeraEv/ HTTP/1.1" 200 1448
0:0:0:0:0:0:0:1 - - [20/Jan/2022:17:53:23 +0100] "POST /RecuperacionPrimeraEv/ HTTP/1.1" 302 -
0:0:0:0:0:0:0:1 - - [20/Jan/2022:17:53:23 +0100] "GET /RecuperacionPrimeraEv/Home HTTP/1.1" 200 42165
0:0:0:0:0:0:0:1 - - [20/Jan/2022:17:53:25 +0100] "GET /RecuperacionPrimeraEv/CustomerReport?customerNumber=103 HTTP/1.1" 200 2593
127.0.0.1 - - [20/Jan/2022:17:57:44 +0100] "GET / HTTP/1.1" 404 687
0:0:0:0:0:0:0:1 - - [20/Jan/2022:17:57:48 +0100] "GET /RecuperacionPrimeraEv/Home HTTP/1.1" 200 43141
0:0:0:0:0:0:0:1 - - [20/Jan/2022:17:57:49 +0100] "GET /RecuperacionPrimeraEv/Home HTTP/1.1" 200 43141
0:0:0:0:0:0:0:1 - - [20/Jan/2022:17:57:52 +0100] "GET /Admin/ChangeAssigment?customerNumber=103 HTTP/1.1" 404 712
127.0.0.1 - - [20/Jan/2022:17:58:11 +0100] "GET / HTTP/1.1" 404 687
0:0:0:0:0:0:0:1 - - [20/Jan/2022:17:58:12 +0100] "GET /Admin/ChangeAssigment?customerNumber=103 HTTP/1.1" 404 712
0:0:0:0:0:0:0:1 - - [20/Jan/2022:17:58:18 +0100] "GET /Admin/ HTTP/1.1" 404 697
127.0.0.1 - - [20/Jan/2022:17:59:00 +0100] "GET / HTTP/1.1" 404 687
0:0:0:0:0:0:0:1 - - [20/Jan/2022:17:59:11 +0100] "GET /RecuperacionPrimeraEv HTTP/1.1" 302 -
0:0:0:0:0:0:0:1 - - [20/Jan/2022:17:59:11 +0100] "GET /RecuperacionPrimeraEv/ HTTP/1.1" 200 1000
0:0:0:0:0:0:0:1 - - [20/Jan/2022:17:59:15 +0100] "GET /RecuperacionPrimeraEv/ HTTP/1.1" 200 1000
0:0:0:0:0:0:0:1 - - [20/Jan/2022:17:59:39 +0100] "GET /RecuperacionPrimeraEv/ HTTP/1.1" 200 1000
0:0:0:0:0:0:0:1 - - [20/Jan/2022:17:59:51 +0100] "GET /RecuperacionPrimeraEv/ HTTP/1.1" 200 1000
0:0:0:0:0:0:0:1 - - [20/Jan/2022:18:00:05 +0100] "GET /RecuperacionPrimeraEv/ HTTP/1.1" 200 1000
0:0:0:0:0:0:0:1 - - [20/Jan/2022:18:00:25 +0100] "GET /RecuperacionPrimeraEv HTTP/1.1" 302 -
0:0:0:0:0:0:0:1 - - [20/Jan/2022:18:00:25 +0100] "GET /RecuperacionPrimeraEv/ HTTP/1.1" 200 1000
0:0:0:0:0:0:0:1 - - [20/Jan/2022:18:01:10 +0100] "GET /RecuperacionPrimeraEv/ HTTP/1.1" 200 1448
127.0.0.1 - - [20/Jan/2022:18:07:04 +0100] "GET / HTTP/1.1" 404 687
127.0.0.1 - - [20/Jan/2022:18:07:36 +0100] "GET / HTTP/1.1" 404 687
0:0:0:0:0:0:0:1 - - [20/Jan/2022:18:07:44 +0100] "GET /RecuperacionPrimeraEv/ HTTP/1.1" 200 1448
0:0:0:0:0:0:0:1 - - [20/Jan/2022:18:07:44 +0100] "GET /favicon.ico HTTP/1.1" 404 698
0:0:0:0:0:0:0:1 - - [20/Jan/2022:18:07:49 +0100] "POST /RecuperacionPrimeraEv/ HTTP/1.1" 302 -
0:0:0:0:0:0:0:1 - - [20/Jan/2022:18:07:49 +0100] "GET /RecuperacionPrimeraEv/Home HTTP/1.1" 200 43141
0:0:0:0:0:0:0:1 - - [20/Jan/2022:18:07:51 +0100] "GET /Admin/ChangeAssigment?customerNumber=103 HTTP/1.1" 404 712
127.0.0.1 - - [20/Jan/2022:18:09:09 +0100] "GET / HTTP/1.1" 404 687
0:0:0:0:0:0:0:1 - - [20/Jan/2022:18:09:10 +0100] "GET /Admin/ChangeAssigment?customerNumber=103 HTTP/1.1" 404 712
0:0:0:0:0:0:0:1 - - [20/Jan/2022:18:09:16 +0100] "GET /RecuperacionPrimeraEv HTTP/1.1" 302 -
0:0:0:0:0:0:0:1 - - [20/Jan/2022:18:09:16 +0100] "GET /RecuperacionPrimeraEv/ HTTP/1.1" 200 1000
0:0:0:0:0:0:0:1 - - [20/Jan/2022:18:09:22 +0100] "GET /RecuperacionPrimeraEv/ HTTP/1.1" 200 1448
0:0:0:0:0:0:0:1 - - [20/Jan/2022:18:09:28 +0100] "POST /RecuperacionPrimeraEv/ HTTP/1.1" 302 -
0:0:0:0:0:0:0:1 - - [20/Jan/2022:18:09:29 +0100] "GET /RecuperacionPrimeraEv/Home HTTP/1.1" 200 43019
0:0:0:0:0:0:0:1 - - [20/Jan/2022:18:09:31 +0100] "GET /RecuperacionPrimeraEv/Admin/ChangeAssigment?customerNumber=103 HTTP/1.1" 200 118
0:0:0:0:0:0:0:1 - - [20/Jan/2022:18:12:23 +0100] "GET /RecuperacionPrimeraEv/Admin/ChangeAssigment?customerNumber=103 HTTP/1.1" 200 2894
127.0.0.1 - - [20/Jan/2022:18:12:54 +0100] "GET / HTTP/1.1" 404 687
0:0:0:0:0:0:0:1 - - [20/Jan/2022:18:12:58 +0100] "GET /RecuperacionPrimeraEv/Admin/ChangeAssigment?customerNumber=103 HTTP/1.1" 200 2924
127.0.0.1 - - [20/Jan/2022:18:13:37 +0100] "GET / HTTP/1.1" 404 687
0:0:0:0:0:0:0:1 - - [20/Jan/2022:18:13:39 +0100] "GET /RecuperacionPrimeraEv/Admin/ChangeAssigment?customerNumber=103 HTTP/1.1" 200 2957
127.0.0.1 - - [20/Jan/2022:18:13:57 +0100] "GET / HTTP/1.1" 404 687
0:0:0:0:0:0:0:1 - - [20/Jan/2022:18:13:59 +0100] "GET /RecuperacionPrimeraEv/Admin/ChangeAssigment?customerNumber=103 HTTP/1.1" 200 2958
127.0.0.1 - - [20/Jan/2022:18:14:14 +0100] "GET / HTTP/1.1" 404 687
0:0:0:0:0:0:0:1 - - [20/Jan/2022:18:14:17 +0100] "GET /RecuperacionPrimeraEv/Admin/ChangeAssigment?customerNumber=103 HTTP/1.1" 200 2959
0:0:0:0:0:0:0:1 - - [20/Jan/2022:18:15:07 +0100] "GET /RecuperacionPrimeraEv/Admin/AddCustomer HTTP/1.1" 200 4808
0:0:0:0:0:0:0:1 - - [20/Jan/2022:18:15:11 +0100] "GET /RecuperacionPrimeraEv/Home HTTP/1.1" 200 43019
0:0:0:0:0:0:0:1 - - [20/Jan/2022:18:15:18 +0100] "GET /RecuperacionPrimeraEv/Logout HTTP/1.1" 302 -
0:0:0:0:0:0:0:1 - - [20/Jan/2022:18:15:18 +0100] "GET /RecuperacionPrimeraEv HTTP/1.1" 302 -
0:0:0:0:0:0:0:1 - - [20/Jan/2022:18:15:18 +0100] "GET /RecuperacionPrimeraEv/ HTTP/1.1" 200 1448
0:0:0:0:0:0:0:1 - - [20/Jan/2022:18:15:26 +0100] "POST /RecuperacionPrimeraEv/ HTTP/1.1" 302 -
0:0:0:0:0:0:0:1 - - [20/Jan/2022:18:15:26 +0100] "GET /RecuperacionPrimeraEv/Home HTTP/1.1" 200 41204
0:0:0:0:0:0:0:1 - - [20/Jan/2022:18:15:28 +0100] "GET /RecuperacionPrimeraEv/CustomerReport?customerNumber=103 HTTP/1.1" 200 2330
127.0.0.1 - - [20/Jan/2022:18:17:10 +0100] "GET / HTTP/1.1" 404 687
0:0:0:0:0:0:0:1 - - [20/Jan/2022:18:17:22 +0100] "GET /RecuperacionPrimeraEv/Logout HTTP/1.1" 302 -
0:0:0:0:0:0:0:1 - - [20/Jan/2022:18:17:22 +0100] "GET /RecuperacionPrimeraEv HTTP/1.1" 302 -
0:0:0:0:0:0:0:1 - - [20/Jan/2022:18:17:23 +0100] "GET /RecuperacionPrimeraEv/Logout HTTP/1.1" 302 -
0:0:0:0:0:0:0:1 - - [20/Jan/2022:18:17:23 +0100] "GET /RecuperacionPrimeraEv HTTP/1.1" 302 -
127.0.0.1 - - [20/Jan/2022:18:18:03 +0100] "GET / HTTP/1.1" 404 687
0:0:0:0:0:0:0:1 - - [20/Jan/2022:18:18:07 +0100] "GET /RecuperacionPrimeraEv/ HTTP/1.1" 200 1448
127.0.0.1 - - [20/Jan/2022:18:18:21 +0100] "GET / HTTP/1.1" 404 687
0:0:0:0:0:0:0:1 - - [20/Jan/2022:18:18:23 +0100] "GET /RecuperacionPrimeraEv/ HTTP/1.1" 200 1448
0:0:0:0:0:0:0:1 - - [20/Jan/2022:18:18:29 +0100] "POST /RecuperacionPrimeraEv/ HTTP/1.1" 302 -
0:0:0:0:0:0:0:1 - - [20/Jan/2022:18:18:29 +0100] "GET /RecuperacionPrimeraEv/Home HTTP/1.1" 200 41204
0:0:0:0:0:0:0:1 - - [20/Jan/2022:18:18:33 +0100] "GET /RecuperacionPrimeraEv/CustomerReport?customerNumber=103 HTTP/1.1" 200 2330
127.0.0.1 - - [20/Jan/2022:18:19:37 +0100] "GET / HTTP/1.1" 404 687
0:0:0:0:0:0:0:1 - - [20/Jan/2022:18:19:41 +0100] "GET /RecuperacionPrimeraEv/CustomerReport?customerNumber=103 HTTP/1.1" 200 2330
127.0.0.1 - - [20/Jan/2022:18:23:01 +0100] "GET / HTTP/1.1" 404 687
0:0:0:0:0:0:0:1 - - [20/Jan/2022:18:23:05 +0100] "GET /RecuperacionPrimeraEv/CustomerReport HTTP/1.1" 200 2347
0:0:0:0:0:0:0:1 - - [20/Jan/2022:18:23:07 +0100] "GET /RecuperacionPrimeraEv HTTP/1.1" 302 -
0:0:0:0:0:0:0:1 - - [20/Jan/2022:18:23:07 +0100] "GET /RecuperacionPrimeraEv/ HTTP/1.1" 200 1000
127.0.0.1 - - [20/Jan/2022:18:23:26 +0100] "GET / HTTP/1.1" 404 687
0:0:0:0:0:0:0:1 - - [20/Jan/2022:18:23:34 +0100] "GET /RecuperacionPrimeraEv/ HTTP/1.1" 200 1448
0:0:0:0:0:0:0:1 - - [20/Jan/2022:18:23:44 +0100] "POST /RecuperacionPrimeraEv/ HTTP/1.1" 302 -
0:0:0:0:0:0:0:1 - - [20/Jan/2022:18:23:45 +0100] "GET /RecuperacionPrimeraEv/Home HTTP/1.1" 200 43019
0:0:0:0:0:0:0:1 - - [20/Jan/2022:18:23:48 +0100] "GET /RecuperacionPrimeraEv/Admin/ChangeAssigment?customerNumber=103 HTTP/1.1" 200 2959
0:0:0:0:0:0:0:1 - - [20/Jan/2022:18:23:51 +0100] "GET /RecuperacionPrimeraEv/Admin/ChangeAssigment HTTP/1.1" 200 2959
0:0:0:0:0:0:0:1 - - [20/Jan/2022:18:23:57 +0100] "GET /RecuperacionPrimeraEv/Admin/ChangeAssigment HTTP/1.1" 200 2959
0:0:0:0:0:0:0:1 - - [20/Jan/2022:18:24:00 +0100] "GET /RecuperacionPrimeraEv/Admin/ChangeAssigment HTTP/1.1" 200 2959
0:0:0:0:0:0:0:1 - - [20/Jan/2022:18:24:09 +0100] "GET /RecuperacionPrimeraEv/Home HTTP/1.1" 200 43019
0:0:0:0:0:0:0:1 - - [20/Jan/2022:18:24:10 +0100] "GET /RecuperacionPrimeraEv/Logout HTTP/1.1" 302 -
0:0:0:0:0:0:0:1 - - [20/Jan/2022:18:24:10 +0100] "GET /RecuperacionPrimeraEv HTTP/1.1" 302 -
0:0:0:0:0:0:0:1 - - [20/Jan/2022:18:24:10 +0100] "GET /RecuperacionPrimeraEv/ HTTP/1.1" 200 1448
0:0:0:0:0:0:0:1 - - [20/Jan/2022:18:24:19 +0100] "POST /RecuperacionPrimeraEv/ HTTP/1.1" 302 -
0:0:0:0:0:0:0:1 - - [20/Jan/2022:18:24:19 +0100] "GET /RecuperacionPrimeraEv/Home HTTP/1.1" 200 41204
0:0:0:0:0:0:0:1 - - [20/Jan/2022:18:24:21 +0100] "GET /RecuperacionPrimeraEv/CustomerReport?customerNumber=103 HTTP/1.1" 200 2352
0:0:0:0:0:0:0:1 - - [20/Jan/2022:18:24:24 +0100] "GET /RecuperacionPrimeraEv/CustomerReport HTTP/1.1" 200 2352
0:0:0:0:0:0:0:1 - - [20/Jan/2022:18:24:25 +0100] "GET /RecuperacionPrimeraEv/Home HTTP/1.1" 200 41204
0:0:0:0:0:0:0:1 - - [20/Jan/2022:18:24:29 +0100] "GET /RecuperacionPrimeraEv/Home HTTP/1.1" 200 41204
0:0:0:0:0:0:0:1 - - [20/Jan/2022:18:24:30 +0100] "GET /RecuperacionPrimeraEv/CustomerReport?customerNumber=103 HTTP/1.1" 200 2352
0:0:0:0:0:0:0:1 - - [20/Jan/2022:18:25:16 +0100] "GET /RecuperacionPrimeraEv/Home HTTP/1.1" 200 41204
0:0:0:0:0:0:0:1 - - [20/Jan/2022:18:25:19 +0100] "GET /RecuperacionPrimeraEv/CustomerReport?customerNumber=112 HTTP/1.1" 200 2352
0:0:0:0:0:0:0:1 - - [20/Jan/2022:18:25:34 +0100] "GET /RecuperacionPrimeraEv/CustomerReport?customerNumber=112 HTTP/1.1" 200 2352
127.0.0.1 - - [20/Jan/2022:18:25:41 +0100] "GET / HTTP/1.1" 404 687
0:0:0:0:0:0:0:1 - - [20/Jan/2022:18:25:42 +0100] "GET /RecuperacionPrimeraEv/CustomerReport?customerNumber=112 HTTP/1.1" 200 2352
0:0:0:0:0:0:0:1 - - [20/Jan/2022:18:25:47 +0100] "GET /RecuperacionPrimeraEv/CustomerReport?customerNumber=112 HTTP/1.1" 200 2352
